
> automation-exercise-playwright@1.0.0 test
> cucumber-js

node.exe : This Node.js 
version (v24.13.1) has not 
been tested with this 
version of Cucumber; it 
should work normally, but 
please raise an issue if 
you see anything unexpected.
At line:1 char:1
+ & "C:\Program 
Files\nodejs/node.exe" 
"C:\Program 
Files\nodejs/node_mo ...
+ ~~~~~~~~~~~~~~~~~~~~~~~~~~
~~~~~~~~~~~~~~~~~~~~~~~~~~~~
~~~~~~~~~~~~~~~
    + CategoryInfo          
    : NotSpecified: (This   
  Node.js ve...ing unexpe   
 cted.:String) [], Remot    
eException
    + FullyQualifiedErrorId 
    : NativeCommandError
 


0 scenarios
0 steps
0m00.001s (executing steps: 0m00.000s)
